npm warn exec The following package was not found and will be installed: serve@14.2.6
 INFO  Accepting connections at http://localhost:3000
 HTTP  9/27/2026 3:18:59 PM ::1 HEAD /
 HTTP  9/27/2026 3:18:59 PM ::1 Returned 200 in 238 ms
 HTTP  9/27/2026 3:19:41 PM ::1 GET /
 HTTP  9/27/2026 3:19:41 PM ::1 Returned 200 in 16 ms
 HTTP  9/27/2026 3:19:42 PM ::1 GET /_next/static/chunks/1z8l1i_aimzr5.css
 HTTP  9/27/2026 3:19:42 PM ::1 GET /_next/static/chunks/3l04zcqx63h3y.js
 HTTP  9/27/2026 3:19:42 PM ::1 Returned 200 in 4 ms
 HTTP  9/27/2026 3:19:42 PM ::1 Returned 200 in 4 ms
 HTTP  9/27/2026 3:19:42 PM ::1 GET /_next/static/chunks/2m912stn0vfa6.js
 HTTP  9/27/2026 3:19:42 PM ::1 GET /_next/static/chunks/0bma92pht_c97.js
 HTTP  9/27/2026 3:19:42 PM ::1 Returned 200 in 3 ms
 HTTP  9/27/2026 3:19:42 PM ::1 Returned 200 in 5 ms
 HTTP  9/27/2026 3:19:42 PM ::1 GET /_next/static/chunks/turbopack-37j0cuzk6zlt6.js
 HTTP  9/27/2026 3:19:42 PM ::1 GET /_next/static/chunks/3fntmmi971322.js
 HTTP  9/27/2026 3:19:42 PM ::1 GET /_next/static/chunks/1h8sayvcj3mba.js
 HTTP  9/27/2026 3:19:42 PM ::1 Returned 200 in 6 ms
 HTTP  9/27/2026 3:19:42 PM ::1 Returned 200 in 5 ms
 HTTP  9/27/2026 3:19:42 PM ::1 Returned 200 in 8 ms
 HTTP  9/27/2026 3:19:43 PM ::1 GET /sw.js
 HTTP  9/27/2026 3:19:43 PM ::1 Returned 200 in 2 ms
 HTTP  9/27/2026 3:19:43 PM ::1 GET /
 HTTP  9/27/2026 3:19:43 PM ::1 Returned 304 in 1 ms
 HTTP  9/27/2026 3:19:43 PM ::1 GET /manifest.json
 HTTP  9/27/2026 3:19:43 PM ::1 Returned 200 in 1 ms
